2025.11.18 08:19:21: Added Thomas Anderson Teacher
2025.11.18 08:19:21: Added Han Solo Teacher
2025.11.18 08:19:21: Added Princess Leia Teacher
2025.11.18 08:19:21: Added Severus Snape Teacher
2025.11.18 08:19:21: Added Dolores Umbridge Teacher
2025.11.18 08:19:21: Added Peter Pan Student to class class 1A, profile humane
2025.11.18 08:19:21: Added Anna Shirley Student to class class 1A, profile humane
2025.11.18 08:19:21: Added Harry Potter Student to class class 1A, profile humane
2025.11.18 08:19:21: Added Ron Weasley Student to class class 1A, profile humane
2025.11.18 08:19:21: Added term of subject Math on MONDAY at 10:30, 45 min to subject Math
2025.11.18 08:19:21: Added term of subject Math on THURSDAY at 12:50, 45 min to subject Math
2025.11.18 08:19:21: Added subject Math to class 1A, profile humane
2025.11.18 08:19:21: Added term of subject English on MONDAY at 12:00, 45 min to subject English
2025.11.18 08:19:21: Added term of subject English on TUESDAY at 11:00, 45 min to subject English
2025.11.18 08:19:21: Added term of subject English on WEDNESDAY at 10:30, 45 min to subject English
2025.11.18 08:19:21: Added term of subject English on THURSDAY at 11:00, 45 min to subject English
2025.11.18 08:19:21: Added subject English to class 1A, profile humane
2025.11.18 08:19:21: Added term of subject Computer Science on TUESDAY at 09:00, 45 min to subject Computer Science
2025.11.18 08:19:21: Added subject Computer Science to class 1A, profile humane
2025.11.18 08:19:21: Added term of subject Chemistry on WEDNESDAY at 11:30, 45 min to subject Chemistry
2025.11.18 08:19:21: Added subject Chemistry to class 1A, profile humane
2025.11.18 08:19:21: Added term of subject Potions on FRIDAY at 09:00, 90 min to subject Potions
2025.11.18 08:19:21: Added subject Potions to class 1A, profile humane
2025.11.18 08:19:21: Added term of subject Black Magic Defense on FRIDAY at 12:30, 90 min to subject Black Magic Defense
2025.11.18 08:19:21: Added subject Black Magic Defense to class 1A, profile humane
2025.11.18 08:19:21: Added class 1A, profile humane
2025.11.18 08:44:55: Added Thomas Anderson Teacher
2025.11.18 08:44:55: Added Han Solo Teacher
2025.11.18 08:44:55: Added Princess Leia Teacher
2025.11.18 08:44:55: Added Severus Snape Teacher
2025.11.18 08:44:55: Added Dolores Umbridge Teacher
2025.11.18 08:44:55: Added Peter Pan Student to class class 1A, profile humane
2025.11.18 08:44:55: Added Anna Shirley Student to class class 1A, profile humane
2025.11.18 08:44:55: Added Harry Potter Student to class class 1A, profile humane
2025.11.18 08:44:55: Added Ron Weasley Student to class class 1A, profile humane
2025.11.18 08:44:55: Added term of subject Math on MONDAY at 10:30, 45 min to subject Math
2025.11.18 08:44:55: Added term of subject Math on THURSDAY at 12:50, 45 min to subject Math
2025.11.18 08:44:55: Added subject Math to class 1A, profile humane
2025.11.18 08:44:55: Added term of subject English on MONDAY at 12:00, 45 min to subject English
2025.11.18 08:44:55: Added term of subject English on TUESDAY at 11:00, 45 min to subject English
2025.11.18 08:44:55: Added term of subject English on WEDNESDAY at 10:30, 45 min to subject English
2025.11.18 08:44:55: Added term of subject English on THURSDAY at 11:00, 45 min to subject English
2025.11.18 08:44:55: Added subject English to class 1A, profile humane
2025.11.18 08:44:55: Added term of subject Computer Science on TUESDAY at 09:00, 45 min to subject Computer Science
2025.11.18 08:44:55: Added subject Computer Science to class 1A, profile humane
2025.11.18 08:44:55: Added term of subject Chemistry on WEDNESDAY at 11:30, 45 min to subject Chemistry
2025.11.18 08:44:55: Added subject Chemistry to class 1A, profile humane
2025.11.18 08:44:55: Added term of subject Potions on FRIDAY at 09:00, 90 min to subject Potions
2025.11.18 08:44:55: Added subject Potions to class 1A, profile humane
2025.11.18 08:44:55: Added term of subject Black Magic Defense on FRIDAY at 12:30, 90 min to subject Black Magic Defense
2025.11.18 08:44:55: Added subject Black Magic Defense to class 1A, profile humane
2025.11.18 08:44:55: Added class 1A, profile humane
2025.11.18 09:10:47: Added Thomas Anderson Teacher
2025.11.18 09:10:47: Added Han Solo Teacher
2025.11.18 09:10:47: Added Princess Leia Teacher
2025.11.18 09:10:47: Added Severus Snape Teacher
2025.11.18 09:10:47: Added Dolores Umbridge Teacher
2025.11.18 09:10:47: Added Peter Pan Student to class class 1A, profile humane
2025.11.18 09:10:47: Added Anna Shirley Student to class class 1A, profile humane
2025.11.18 09:10:47: Added Harry Potter Student to class class 1A, profile humane
2025.11.18 09:10:47: Added Ron Weasley Student to class class 1A, profile humane
2025.11.18 09:10:47: Added term of subject Math on MONDAY at 10:30, 45 min to subject Math
2025.11.18 09:10:47: Added term of subject Math on THURSDAY at 12:50, 45 min to subject Math
2025.11.18 09:10:47: Added subject Math to class 1A, profile humane
2025.11.18 09:10:47: Added term of subject English on MONDAY at 12:00, 45 min to subject English
2025.11.18 09:10:47: Added term of subject English on TUESDAY at 11:00, 45 min to subject English
2025.11.18 09:10:47: Added term of subject English on WEDNESDAY at 10:30, 45 min to subject English
2025.11.18 09:10:47: Added term of subject English on THURSDAY at 11:00, 45 min to subject English
2025.11.18 09:10:47: Added subject English to class 1A, profile humane
2025.11.18 09:10:47: Added term of subject Computer Science on TUESDAY at 09:00, 45 min to subject Computer Science
2025.11.18 09:10:47: Added subject Computer Science to class 1A, profile humane
2025.11.18 09:10:47: Added term of subject Chemistry on WEDNESDAY at 11:30, 45 min to subject Chemistry
2025.11.18 09:10:47: Added subject Chemistry to class 1A, profile humane
2025.11.18 09:10:47: Added term of subject Potions on FRIDAY at 09:00, 90 min to subject Potions
2025.11.18 09:10:47: Added subject Potions to class 1A, profile humane
2025.11.18 09:10:47: Added term of subject Black Magic Defense on FRIDAY at 12:30, 90 min to subject Black Magic Defense
2025.11.18 09:10:47: Added subject Black Magic Defense to class 1A, profile humane
2025.11.18 09:10:47: Added class 1A, profile humane
